Progress: 0.0%
Progress: 10.0%
Progress: 20.0%
Progress: 30.0%
Progress: 40.0%
Progress: 50.0%
Progress: 60.0%
Progress: 70.0%
Progress: 80.0%
Progress: 90.0%
Traceback (most recent call last):
  File "/work/users/s/m/smyersn/elston/projects/kinetics_binns/modules/generate_data/simulate_gpu.py", line 125, in <module>
    torch.save({'u_array': u_array, 't_array': t_array}, f'{save_name}.pt')
  File "/work/users/s/m/smyersn/miniconda3/envs/binns/lib/python3.11/site-packages/torch/serialization.py", line 964, in save
    with _open_zipfile_writer(f) as opened_zipfile:
         ^^^^^^^^^^^^^^^^^^^^^^^
  File "/work/users/s/m/smyersn/miniconda3/envs/binns/lib/python3.11/site-packages/torch/serialization.py", line 828, in _open_zipfile_writer
    return container(name_or_buffer)
           ^^^^^^^^^^^^^^^^^^^^^^^^^
  File "/work/users/s/m/smyersn/miniconda3/envs/binns/lib/python3.11/site-packages/torch/serialization.py", line 792, in __init__
    torch._C.PyTorchFileWriter(
RuntimeError: Parent directory /work/users/s/m/smyersn/elston/projects/kinetics_binns/data/2d/pos_feed_strength does not exist.
