Progress: 0.0%
tensor([[[0., 0., 0.,  ..., 0., 0., 0.],
         [0., 0., 0.,  ..., 0., 0., 0.],
         [0., 0., 0.,  ..., 0., 0., 0.],
         ...,
         [0., 0., 0.,  ..., 0., 0., 0.],
         [0., 0., 0.,  ..., 0., 0., 0.],
         [0., 0., 0.,  ..., 0., 0., 0.]],

        [[0., 0., 0.,  ..., 0., 0., 0.],
         [0., 0., 0.,  ..., 0., 0., 0.],
         [0., 0., 0.,  ..., 0., 0., 0.],
         ...,
         [0., 0., 0.,  ..., 0., 0., 0.],
         [0., 0., 0.,  ..., 0., 0., 0.],
         [0., 0., 0.,  ..., 0., 0., 0.]]])
tensor([[[0.9762, 0.9851, 0.9868,  ..., 0.9778, 0.9592, 0.9624],
         [0.9362, 0.9636, 0.9794,  ..., 0.9181, 0.8979, 0.9070],
         [0.8998, 0.9353, 0.9637,  ..., 0.8937, 0.8689, 0.8715],
         ...,
         [1.0480, 1.0208, 1.0014,  ..., 1.1003, 1.0944, 1.0758],
         [1.0253, 1.0009, 0.9859,  ..., 1.0838, 1.0694, 1.0503],
         [1.0057, 0.9940, 0.9851,  ..., 1.0419, 1.0243, 1.0147]],

        [[1.0150, 1.0151, 1.0152,  ..., 1.0144, 1.0146, 1.0148],
         [1.0155, 1.0155, 1.0156,  ..., 1.0150, 1.0152, 1.0154],
         [1.0159, 1.0159, 1.0158,  ..., 1.0154, 1.0157, 1.0158],
         ...,
         [1.0131, 1.0135, 1.0139,  ..., 1.0126, 1.0126, 1.0128],
         [1.0137, 1.0141, 1.0144,  ..., 1.0131, 1.0132, 1.0135],
         [1.0144, 1.0146, 1.0148,  ..., 1.0137, 1.0139, 1.0141]]])
tensor([[[0.9762, 0.9851, 0.9868,  ..., 0.9778, 0.9592, 0.9624],
         [0.9362, 0.9636, 0.9794,  ..., 0.9181, 0.8979, 0.9070],
         [0.8998, 0.9353, 0.9637,  ..., 0.8937, 0.8689, 0.8715],
         ...,
         [1.0480, 1.0208, 1.0014,  ..., 1.1003, 1.0944, 1.0758],
         [1.0253, 1.0009, 0.9859,  ..., 1.0838, 1.0694, 1.0503],
         [1.0057, 0.9940, 0.9851,  ..., 1.0419, 1.0243, 1.0147]],

        [[1.0150, 1.0151, 1.0152,  ..., 1.0144, 1.0146, 1.0148],
         [1.0155, 1.0155, 1.0156,  ..., 1.0150, 1.0152, 1.0154],
         [1.0159, 1.0159, 1.0158,  ..., 1.0154, 1.0157, 1.0158],
         ...,
         [1.0131, 1.0135, 1.0139,  ..., 1.0126, 1.0126, 1.0128],
         [1.0137, 1.0141, 1.0144,  ..., 1.0131, 1.0132, 1.0135],
         [1.0144, 1.0146, 1.0148,  ..., 1.0137, 1.0139, 1.0141]]])
Traceback (most recent call last):
  File "/work/users/s/m/smyersn/elston/projects/kinetics_binns/modules/generate_data/simulate_gpu.py", line 128, in <module>
    u_array, t_array = simulate_surface(wave_pinning, params)
                       ^^^^^^^^^^^^^^^^^^^^^^^^^^^^^^^^^^^^^^
  File "/work/users/s/m/smyersn/elston/projects/kinetics_binns/modules/generate_data/simulate_gpu.py", line 75, in simulate_surface
    print(np.max(np.abs(current_save - last_save)))
          ^^^^^^^^^^^^^^^^^^^^^^^^^^^^^^^^^^^^^^^^
  File "/work/users/s/m/smyersn/miniconda3/envs/binns/lib/python3.11/site-packages/numpy/core/fromnumeric.py", line 2810, in max
    return _wrapreduction(a, np.maximum, 'max', axis, None, out,
           ^^^^^^^^^^^^^^^^^^^^^^^^^^^^^^^^^^^^^^^^^^^^^^^^^^^^^
  File "/work/users/s/m/smyersn/miniconda3/envs/binns/lib/python3.11/site-packages/numpy/core/fromnumeric.py", line 86, in _wrapreduction
    return reduction(axis=axis, out=out, **passkwargs)
           ^^^^^^^^^^^^^^^^^^^^^^^^^^^^^^^^^^^^^^^^^^^
TypeError: max() received an invalid combination of arguments - got (out=NoneType, axis=NoneType, ), but expected one of:
 * ()
 * (Tensor other)
 * (int dim, bool keepdim = False)
      didn't match because some of the keywords were incorrect: out, axis
 * (name dim, bool keepdim = False)
      didn't match because some of the keywords were incorrect: out, axis

