Progress: 0.0%
Traceback (most recent call last):
  File "/work/users/s/m/smyersn/elston/projects/kinetics_binns/modules/generate_data/simulate_gpu.py", line 124, in <module>
    u_array, t_array = simulate_surface(wave_pinning, params)
                       ^^^^^^^^^^^^^^^^^^^^^^^^^^^^^^^^^^^^^^
  File "/work/users/s/m/smyersn/elston/projects/kinetics_binns/modules/generate_data/simulate_gpu.py", line 72, in simulate_surface
    diff = np.max(np.abs(current_save - last_save))
           ^^^^^^^^^^^^^^^^^^^^^^^^^^^^^^^^^^^^^^^^
  File "/work/users/s/m/smyersn/miniconda3/envs/binns/lib/python3.11/site-packages/numpy/core/fromnumeric.py", line 2810, in max
    return _wrapreduction(a, np.maximum, 'max', axis, None, out,
           ^^^^^^^^^^^^^^^^^^^^^^^^^^^^^^^^^^^^^^^^^^^^^^^^^^^^^
  File "/work/users/s/m/smyersn/miniconda3/envs/binns/lib/python3.11/site-packages/numpy/core/fromnumeric.py", line 86, in _wrapreduction
    return reduction(axis=axis, out=out, **passkwargs)
           ^^^^^^^^^^^^^^^^^^^^^^^^^^^^^^^^^^^^^^^^^^^
TypeError: max() received an invalid combination of arguments - got (out=NoneType, axis=NoneType, ), but expected one of:
 * ()
 * (Tensor other)
 * (int dim, bool keepdim = False)
      didn't match because some of the keywords were incorrect: out, axis
 * (name dim, bool keepdim = False)
      didn't match because some of the keywords were incorrect: out, axis

slurmstepd: error: *** JOB 4978774 ON g0602 CANCELLED AT 2025-06-12T12:37:22 ***
